Trace Simulation Timing Log
---------------------------
[2025-05-19 14:53:41] Starting simulation for: 600.perlbench_s-1273B
[2025-05-19 14:53:41] Starting simulation for: 602.gcc_s-1850B
[2025-05-19 14:53:41] Starting simulation for: 603.bwaves_s-2931B
[2025-05-19 14:53:41] Starting simulation for: 605.mcf_s-1536B
[2025-05-19 15:00:26] Finished simulation for: 600.perlbench_s-1273B
----------------------------------------
[2025-05-19 15:06:54] Finished simulation for: 603.bwaves_s-2931B
----------------------------------------
[2025-05-19 15:20:47] Finished simulation for: 602.gcc_s-1850B
----------------------------------------
[2025-05-19 15:51:13] Finished simulation for: 605.mcf_s-1536B
----------------------------------------
[2025-05-19 15:51:13] Starting simulation for: 607.cactuBSSN_s-2421B
[2025-05-19 15:51:13] Starting simulation for: 619.lbm_s-2676B
[2025-05-19 15:51:13] Starting simulation for: 620.omnetpp_s-141B
[2025-05-19 15:51:13] Starting simulation for: 621.wrf_s-575B
[2025-05-19 16:01:06] Finished simulation for: 621.wrf_s-575B
----------------------------------------
[2025-05-19 16:04:13] Finished simulation for: 607.cactuBSSN_s-2421B
----------------------------------------
[2025-05-19 16:18:43] Finished simulation for: 620.omnetpp_s-141B
----------------------------------------
[2025-05-19 16:21:01] Finished simulation for: 619.lbm_s-2676B
----------------------------------------
[2025-05-19 16:21:01] Starting simulation for: 623.xalancbmk_s-165B
[2025-05-19 16:21:01] Starting simulation for: 625.x264_s-12B
[2025-05-19 16:21:01] Starting simulation for: 627.cam4_s-490B
[2025-05-19 16:21:01] Starting simulation for: 628.pop2_s-17B
[2025-05-19 16:27:50] Finished simulation for: 625.x264_s-12B
----------------------------------------
[2025-05-19 16:31:41] Finished simulation for: 628.pop2_s-17B
----------------------------------------
[2025-05-19 16:33:08] Finished simulation for: 623.xalancbmk_s-165B
----------------------------------------
[2025-05-19 16:33:13] Finished simulation for: 627.cam4_s-490B
----------------------------------------
[2025-05-19 16:33:13] Starting simulation for: 631.deepsjeng_s-928B
[2025-05-19 16:33:13] Starting simulation for: 638.imagick_s-10316B
[2025-05-19 16:33:13] Starting simulation for: 641.leela_s-149B
[2025-05-19 16:33:13] Starting simulation for: 644.nab_s-12459B
[2025-05-19 16:39:15] Finished simulation for: 638.imagick_s-10316B
----------------------------------------
[2025-05-19 16:41:48] Finished simulation for: 644.nab_s-12459B
----------------------------------------
[2025-05-19 16:43:26] Finished simulation for: 631.deepsjeng_s-928B
----------------------------------------
[2025-05-19 16:43:52] Finished simulation for: 641.leela_s-149B
----------------------------------------
[2025-05-19 16:43:52] Starting simulation for: 648.exchange2_s-387B
[2025-05-19 16:43:52] Starting simulation for: 649.fotonik3d_s-1176B
[2025-05-19 16:43:52] Starting simulation for: 654.roms_s-293B
[2025-05-19 16:43:52] Starting simulation for: 657.xz_s-4994B
[2025-05-19 16:46:24] Finished simulation for: 654.roms_s-293B
----------------------------------------
[2025-05-19 16:46:24] Finished simulation for: 648.exchange2_s-387B
----------------------------------------
[2025-05-19 16:46:24] Finished simulation for: 657.xz_s-4994B
----------------------------------------
[2025-05-19 16:46:24] Finished simulation for: 649.fotonik3d_s-1176B
----------------------------------------
