Trace Simulation Timing Log
---------------------------
[2025-05-18 18:16:42] Starting simulation for: 600.perlbench_s-1273B
[2025-05-18 18:21:30] Finished simulation for: 600.perlbench_s-1273B
----------------------------------------
[2025-05-18 18:21:30] Starting simulation for: 602.gcc_s-1850B
[2025-05-18 18:43:03] Finished simulation for: 602.gcc_s-1850B
----------------------------------------
[2025-05-18 18:43:03] Starting simulation for: 603.bwaves_s-2931B
[2025-05-18 18:53:03] Finished simulation for: 603.bwaves_s-2931B
----------------------------------------
[2025-05-18 18:53:03] Starting simulation for: 605.mcf_s-1536B
[2025-05-18 19:45:24] Finished simulation for: 605.mcf_s-1536B
----------------------------------------
[2025-05-18 19:45:24] Starting simulation for: 607.cactuBSSN_s-2421B
[2025-05-18 19:53:27] Finished simulation for: 607.cactuBSSN_s-2421B
----------------------------------------
[2025-05-18 19:53:27] Starting simulation for: 619.lbm_s-2676B
[2025-05-18 20:15:32] Finished simulation for: 619.lbm_s-2676B
----------------------------------------
[2025-05-18 20:15:32] Starting simulation for: 620.omnetpp_s-141B
[2025-05-18 20:36:01] Finished simulation for: 620.omnetpp_s-141B
----------------------------------------
[2025-05-18 20:36:01] Starting simulation for: 621.wrf_s-575B
[2025-05-18 20:42:13] Finished simulation for: 621.wrf_s-575B
----------------------------------------
[2025-05-18 20:42:13] Starting simulation for: 623.xalancbmk_s-165B
[2025-05-18 20:53:25] Finished simulation for: 623.xalancbmk_s-165B
----------------------------------------
[2025-05-18 20:53:25] Starting simulation for: 625.x264_s-12B
[2025-05-18 20:57:38] Finished simulation for: 625.x264_s-12B
----------------------------------------
[2025-05-18 20:57:38] Starting simulation for: 627.cam4_s-490B
[2025-05-18 21:06:09] Finished simulation for: 627.cam4_s-490B
----------------------------------------
[2025-05-18 21:06:09] Starting simulation for: 628.pop2_s-17B
[2025-05-18 21:13:28] Finished simulation for: 628.pop2_s-17B
----------------------------------------
[2025-05-18 21:13:28] Starting simulation for: 631.deepsjeng_s-928B
[2025-05-18 21:20:23] Finished simulation for: 631.deepsjeng_s-928B
----------------------------------------
[2025-05-18 21:20:23] Starting simulation for: 638.imagick_s-10316B
[2025-05-18 21:24:08] Finished simulation for: 638.imagick_s-10316B
----------------------------------------
[2025-05-18 21:24:08] Starting simulation for: 641.leela_s-149B
[2025-05-18 21:31:30] Finished simulation for: 641.leela_s-149B
----------------------------------------
[2025-05-18 21:31:30] Starting simulation for: 644.nab_s-12459B
[2025-05-18 21:37:08] Finished simulation for: 644.nab_s-12459B
----------------------------------------
[2025-05-18 21:37:08] Starting simulation for: 648.exchange2_s-387B
[2025-05-18 21:42:54] Finished simulation for: 648.exchange2_s-387B
----------------------------------------
[2025-05-18 21:42:54] Starting simulation for: 649.fotonik3d_s-1176B
[2025-05-18 22:08:06] Finished simulation for: 649.fotonik3d_s-1176B
----------------------------------------
[2025-05-18 22:08:06] Starting simulation for: 654.roms_s-293B
[2025-05-18 22:18:46] Finished simulation for: 654.roms_s-293B
----------------------------------------
[2025-05-18 22:18:46] Starting simulation for: 657.xz_s-4994B
[2025-05-18 22:23:58] Finished simulation for: 657.xz_s-4994B
----------------------------------------
