Trace Simulation Timing Log
---------------------------
[2025-05-05 16:37:25] Starting simulation for: 600.perlbench_s-1273B
[2025-05-05 16:42:04] Finished simulation for: 600.perlbench_s-1273B
----------------------------------------
[2025-05-05 16:42:04] Starting simulation for: 602.gcc_s-1850B
[2025-05-05 17:03:54] Finished simulation for: 602.gcc_s-1850B
----------------------------------------
[2025-05-05 17:03:54] Starting simulation for: 603.bwaves_s-2931B
[2025-05-05 17:13:57] Finished simulation for: 603.bwaves_s-2931B
----------------------------------------
[2025-05-05 17:13:57] Starting simulation for: 605.mcf_s-1536B
[2025-05-05 18:06:53] Finished simulation for: 605.mcf_s-1536B
----------------------------------------
[2025-05-05 18:06:53] Starting simulation for: 607.cactuBSSN_s-2421B
[2025-05-05 18:15:09] Finished simulation for: 607.cactuBSSN_s-2421B
----------------------------------------
[2025-05-05 18:15:09] Starting simulation for: 619.lbm_s-2676B
[2025-05-05 18:38:05] Finished simulation for: 619.lbm_s-2676B
----------------------------------------
[2025-05-05 18:38:05] Starting simulation for: 620.omnetpp_s-141B
[2025-05-05 18:58:47] Finished simulation for: 620.omnetpp_s-141B
----------------------------------------
[2025-05-05 18:58:47] Starting simulation for: 621.wrf_s-575B
[2025-05-05 19:05:03] Finished simulation for: 621.wrf_s-575B
----------------------------------------
[2025-05-05 19:05:03] Starting simulation for: 623.xalancbmk_s-165B
[2025-05-05 19:13:26] Finished simulation for: 623.xalancbmk_s-165B
----------------------------------------
[2025-05-05 19:13:26] Starting simulation for: 625.x264_s-12B
[2025-05-05 19:17:50] Finished simulation for: 625.x264_s-12B
----------------------------------------
[2025-05-05 19:17:50] Starting simulation for: 627.cam4_s-490B
[2025-05-05 19:25:57] Finished simulation for: 627.cam4_s-490B
----------------------------------------
[2025-05-05 19:25:57] Starting simulation for: 628.pop2_s-17B
[2025-05-05 19:33:01] Finished simulation for: 628.pop2_s-17B
----------------------------------------
[2025-05-05 19:33:01] Starting simulation for: 631.deepsjeng_s-928B
[2025-05-05 19:40:08] Finished simulation for: 631.deepsjeng_s-928B
----------------------------------------
[2025-05-05 19:40:08] Starting simulation for: 638.imagick_s-10316B
[2025-05-05 19:44:02] Finished simulation for: 638.imagick_s-10316B
----------------------------------------
[2025-05-05 19:44:02] Starting simulation for: 641.leela_s-149B
[2025-05-05 19:51:31] Finished simulation for: 641.leela_s-149B
----------------------------------------
[2025-05-05 19:51:31] Starting simulation for: 644.nab_s-12459B
[2025-05-05 19:57:03] Finished simulation for: 644.nab_s-12459B
----------------------------------------
[2025-05-05 19:57:03] Starting simulation for: 648.exchange2_s-387B
[2025-05-05 20:02:58] Finished simulation for: 648.exchange2_s-387B
----------------------------------------
[2025-05-05 20:02:58] Starting simulation for: 649.fotonik3d_s-1176B
[2025-05-05 20:28:22] Finished simulation for: 649.fotonik3d_s-1176B
----------------------------------------
[2025-05-05 22:02:40] Starting simulation for: 654.roms_s-293B
[2025-05-05 22:12:22] Finished simulation for: 654.roms_s-293B
----------------------------------------
[2025-05-05 22:12:22] Starting simulation for: 657.xz_s-4994B
[2025-05-05 22:17:32] Finished simulation for: 657.xz_s-4994B
----------------------------------------
